[mymartdeal.store/index.html]
[mymartdeal.store/product-details/c81e728d9d4c2f636f067f89cc14862c7a6b.html]
[backblue.gif]
[fade.gif]
[index.html]
[mymartdeal.store/assets/css/bootstrap.min.css]
[mymartdeal.store/assets/css/custom.css]
[mymartdeal.store/api_services/manage.json]
[connect.facebook.net/en_US/fbevents.js]
[mymartdeal.store/img/Q18Ifxk.png]
[mymartdeal.store/external452e452e452e452e452e.html]
[mymartdeal.store/assets/images/033f3268031fa0ba0e0e.webp]
[mymartdeal.store/assets/images/0f3d008be60995d40e0e.webp]
[mymartdeal.store/assets/images/42f9a853f91812790e0e.webp]
[mymartdeal.store/assets/images/cbcb4787446357810e0e.webp]
[mymartdeal.store/assets/images/913e96c334d043950e0e.webp]
[mymartdeal.store/assets/images/1faac897db7fa1e80e0e.webp]
[mymartdeal.store/assets/images/4be8a679014497f00e0e.webp]
[mymartdeal.store/assets/images/6ecb75e51b6078800e0e.webp]
[mymartdeal.store/assets/images/3e6d75f631ab60550e0e.webp]
[mymartdeal.store/assets/images/89d809684711712a0e0e.webp]
[rukminim1.flixcart.com/fk-p-flap/151/143/image/4b0a064d53b4ff280e0e.jpg]
[rukminim1.flixcart.com/fk-p-flap/151/143/image/418dfd603e7301850e0e.jpg]
[mymartdeal.store/assets/images/356d37e9512c7fcb0e0e.webp]
[mymartdeal.store/assets/images/aeb7da37a9e852090e0e.webp]
[mymartdeal.store/assets/images/824aa3a83b4057eb0e0e.webp]
[mymartdeal.store/assets/images/bn1.jpg]
[mymartdeal.store/assets/images/theme/clock.svg]
[mymartdeal.store/assets/js/jquery.min.js]
[mymartdeal.store/assets/js/bootstrap.min.js]
[mymartdeal.store/assets/js/relativeTime.js]
[mymartdeal.store/assets/js/days.min.js]
[mymartdeal.store/assets/js/custom.js]
[mymartdeal.store/index.html]
[mymartdeal.store/assets/js/manage_index.js]
[mymartdeal.store/product-details/external452e452e452e452e452e.html]
[mymartdeal.store/assets/images/Incresase.svg]
[mymartdeal.store/assets/images/replacement.png]
[mymartdeal.store/assets/images/non-cod.png]
[mymartdeal.store/assets/images/plue-fassured.png]
[mymartdeal.store/assets/images/review_1.jpg]
[mymartdeal.store/assets/images/review_2.jpg]
[mymartdeal.store/assets/images/review_3.jpg]
[mymartdeal.store/assets/images/review_4.jpg]
[mymartdeal.store/product-details/c81e728d9d4c2f636f067f89cc14862c7a6b.html]
[mymartdeal.store/assets/js/manage_product.js]
[mymartdeal.store/assets/css/bootstrap.min.css]
[mymartdeal.store/assets/images/theme/search.svg]
[mymartdeal.store/img/share.png]
[mymartdeal.store/assets/css/custom.css]
[mymartdeal.store/img/love.png]
[mymartdeal.store/api_services/index.html]
[mymartdeal.store/admin_panel/login.html]
[mymartdeal.store/admin_panel/index.html]
[mymartdeal.store/a]
[mymartdeal.store/POST]
[mymartdeal.store/b.resolvedLink]
[mymartdeal.store/d]
[mymartdeal.store/schema.org/index.html]
[mymartdeal.store/signals/iwl.js]
[mymartdeal.store/c.dl]
[mymartdeal.store/c.rl]
[connect.facebook.net/en_US/fbevents.js]
[mymartdeal.store/assets/images/theme/bars.svg]
[mymartdeal.store/external452e452e452e452e452e.html]
[mymartdeal.store/assets/images/theme/clock.svg]
[mymartdeal.store/assets/js/jquery.min.js]
[mymartdeal.store/popper.js]
[mymartdeal.store/assets/js/bootstrap.min.js]
[mymartdeal.store/assets/js/relativeTime.js]
[mymartdeal.store/assets/js/days.min.js]
[mymartdeal.store/assets/js/custom.js]
[mymartdeal.store/assets/js/manage_index.js]
[mymartdeal.store/product-details/external452e452e452e452e.html]
[mymartdeal.store/product-details/external452e452e452e452e452e.html]
[mymartdeal.store/assets/images/Incresase.svg]
[mymartdeal.store/assets/js/manage_product.js]
[mymartdeal.store/assets/images/theme/search.svg]
[mymartdeal.store/admin_panel/assets/images/favicon.ico]
[mymartdeal.store/admin_panel/assets/css/custom.css]
[mymartdeal.store/admin_panel/assets/css/daterangepicker.css]
[mymartdeal.store/admin_panel/assets/css/pnotify.custom.css]
[mymartdeal.store/admin_panel/assets/css/dataTables.bootstrap5.min.css]
[mymartdeal.store/admin_panel/assets/css/select2.min.css]
[mymartdeal.store/admin_panel/assets/css/app-saas.min.css]
[mymartdeal.store/admin_panel/assets/css/icons.min.css]
[mymartdeal.store/admin_panel/assets/js/hyper-config.js]
[mymartdeal.store/admin_panel/manage_projects.php]
[mymartdeal.store/admin_panel/index-2.html]
[mymartdeal.store/admin_panel/assets/images/logo.png]
[mymartdeal.store/admin_panel/assets/js/vendor.min.js]
[mymartdeal.store/admin_panel/assets/js/handlebars.min.js]
[mymartdeal.store/admin_panel/assets/js/typeahead.bundle.min.js]
[mymartdeal.store/admin_panel/assets/js/nprogress.js]
[mymartdeal.store/admin_panel/assets/js/jstz.min.js]
[mymartdeal.store/admin_panel/assets/js/moment.min.js]
[mymartdeal.store/admin_panel/assets/js/daterangepicker.js]
[mymartdeal.store/admin_panel/assets/js/pnotify.custom.js]
[mymartdeal.store/admin_panel/assets/js/jquery.dataTables.min.js]
[mymartdeal.store/admin_panel/assets/js/dataTables.bootstrap5.min.js]
[mymartdeal.store/admin_panel/assets/js/select2.min.js]
[mymartdeal.store/admin_panel/assets/js/app.min.js]
[mymartdeal.store/admin_panel/images/user_avtar.png]
[mymartdeal.store/admin_panel/js/common.js]
[mymartdeal.store/admin_panel/assets/js/ckeditor.js]
[mymartdeal.store/admin_panel/js/login.js]
[mymartdeal.store/admin_panel/assets/js/hyper-syntax.js]
[mymartdeal.store/admin_panel/assets/js/dropzone.min.js]
[mymartdeal.store/admin_panel/assets/js/highlight.pack.min.js]
[mymartdeal.store/admin_panel/assets/js/component.fileupload.js]
[mymartdeal.store/admin_panel/login.html]
[mymartdeal.store/a.html]
[mymartdeal.store/POST.html]
[mymartdeal.store/schema.org/index.html]
[mymartdeal.store/b.html]
[mymartdeal.store/d.html]
[mymartdeal.store/signals/iwl.html]
[mymartdeal.store/c.html]
[mymartdeal.store/c-2.html]
[mymartdeal.store/popper.html]
[mymartdeal.store/product-details/external452e452e452e452e.html]
[mymartdeal.store/admin_panel/assets/css/custom.css]
[mymartdeal.store/admin_panel/assets/css/daterangepicker.css]
[mymartdeal.store/admin_panel/assets/css/pnotify.custom.css]
[mymartdeal.store/admin_panel/assets/css/dataTables.bootstrap5.min.css]
[mymartdeal.store/admin_panel/assets/css/select2.min.css]
[mymartdeal.store/admin_panel/assets/images/waves.png]
[mymartdeal.store/admin_panel/assets/fonts/Nunito-Light.eot]
[mymartdeal.store/admin_panel/assets/fonts/Nunito-Lightd41dd41d.eot]
[mymartdeal.store/admin_panel/assets/fonts/Nunito-Light.woff]
[mymartdeal.store/admin_panel/assets/fonts/Nunito-Light.ttf]
[mymartdeal.store/admin_panel/assets/fonts/Nunito-Light.svg]
[mymartdeal.store/admin_panel/assets/fonts/Nunito-Regular.eot]
[mymartdeal.store/admin_panel/assets/fonts/Nunito-Regulard41dd41d.eot]
[mymartdeal.store/admin_panel/assets/fonts/Nunito-Regular.woff]
[mymartdeal.store/admin_panel/assets/fonts/Nunito-Regular.ttf]
[mymartdeal.store/admin_panel/assets/fonts/Nunito-Regular.svg]
[mymartdeal.store/admin_panel/assets/fonts/Nunito-Medium.eot]
[mymartdeal.store/admin_panel/assets/fonts/Nunito-Mediumd41dd41d.eot]
[mymartdeal.store/admin_panel/assets/fonts/Nunito-Medium.woff]
[mymartdeal.store/admin_panel/assets/fonts/Nunito-Medium.ttf]
[mymartdeal.store/admin_panel/assets/fonts/Nunito-Medium.svg]
[mymartdeal.store/admin_panel/assets/fonts/Nunito-SemiBold.eot]
[mymartdeal.store/admin_panel/assets/fonts/Nunito-SemiBoldd41dd41d.eot]
[mymartdeal.store/admin_panel/assets/fonts/Nunito-SemiBold.woff]
[mymartdeal.store/admin_panel/assets/fonts/Nunito-SemiBold.ttf]
[mymartdeal.store/admin_panel/assets/fonts/Nunito-SemiBold.svg]
[mymartdeal.store/admin_panel/assets/fonts/Nunito-Bold.eot]
[mymartdeal.store/admin_panel/assets/fonts/Nunito-Boldd41dd41d.eot]
[mymartdeal.store/admin_panel/assets/fonts/Nunito-Bold.woff]
[mymartdeal.store/admin_panel/assets/fonts/Nunito-Bold.ttf]
[mymartdeal.store/admin_panel/assets/fonts/Nunito-Bold.svg]
[mymartdeal.store/admin_panel/assets/images/bg-pattern.png]
[mymartdeal.store/admin_panel/assets/images/bg-pattern-light.svg]
[mymartdeal.store/admin_panel/assets/images/bg-auth.jpg]
[mymartdeal.store/admin_panel/assets/css/app-saas.min.css]
[mymartdeal.store/admin_panel/assets/fonts/unicons8adf8adf.eot]
[mymartdeal.store/admin_panel/assets/fonts/unicons8adf8adf.woff2]
[mymartdeal.store/admin_panel/assets/fonts/unicons8adf8adf.woff]
[mymartdeal.store/admin_panel/assets/fonts/unicons8adf8adf.ttf]
[mymartdeal.store/admin_panel/assets/fonts/unicons8adf8adf.svg]
[mymartdeal.store/admin_panel/assets/fonts/remixicondf6ddf6d.woff2]
[mymartdeal.store/admin_panel/assets/fonts/remixicondf6ddf6d.eot]
[mymartdeal.store/admin_panel/assets/fonts/remixicondf6ddf6d.woff]
[mymartdeal.store/admin_panel/assets/fonts/remixicondf6ddf6d.ttf]
[mymartdeal.store/admin_panel/assets/fonts/remixicondf6ddf6d.svg]
[mymartdeal.store/admin_panel/assets/fonts/materialdesignicons-webfont1d2d1d2d.eot]
[mymartdeal.store/admin_panel/assets/fonts/materialdesignicons-webfont1d2d1d2d.woff2]
[mymartdeal.store/admin_panel/assets/fonts/materialdesignicons-webfontd41dd41d.eot]
[mymartdeal.store/admin_panel/assets/fonts/materialdesignicons-webfont1d2d1d2d.woff]
[mymartdeal.store/admin_panel/assets/css/icons.min.css]
[mymartdeal.store/admin_panel/assets/js/hyper-config.js]
[mymartdeal.store/admin_panel/manage_projects.html]
[mymartdeal.store/admin_panel/index-2.html]
[mymartdeal.store/admin_panel/assets/js/vendor.min.js]
[mymartdeal.store/admin_panel/assets/js/handlebars.min.js]
[mymartdeal.store/admin_panel/assets/fonts/materialdesignicons-webfont1d2d1d2d.ttf]
[mymartdeal.store/admin_panel/typeahead.js]
[mymartdeal.store/admin_panel/assets/js/typeahead.bundle.min.js]
[mymartdeal.store/admin_panel/assets/js/nprogress.js]
[mymartdeal.store/admin_panel/assets/js/jstz.min.js]
[mymartdeal.store/admin_panel/assets/js/moment.min.js]
[mymartdeal.store/admin_panel/assets/js/daterangepicker.js]
[mymartdeal.store/admin_panel/assets/js/pnotify.custom.js]
[mymartdeal.store/admin_panel/assets/js/jquery.dataTables.min.js]
[mymartdeal.store/admin_panel/assets/js/dataTables.bootstrap5.min.js]
[mymartdeal.store/admin_panel/assets/js/select2.min.js]
[mymartdeal.store/admin_panel/chrome/index.html]
[mymartdeal.store/admin_panel/applewebkit/index.html]
[mymartdeal.store/admin_panel/edge/index.html]
[mymartdeal.store/mixins/_rounded.85.delayed]
[mymartdeal.store/mixins/_focus.css]
[mymartdeal.store/mixins/_shadow.css]
[mymartdeal.store/mixins/_disabled.css]
[mymartdeal.store/mixins/_button.css]
[mymartdeal.store/admin_panel/ABCDEFGHIJKLMNOPQRSTUVWXYZabcdefghijklmnopqrstuvwxyz0123456789+/index.html]
[mymartdeal.store/admin_panel/Trident/index.html]
[mymartdeal.store/admin_panel/Firefox/index.html]
[mymartdeal.store/admin_panel/Edge/index-2.html]
[mymartdeal.store/admin_panel/Chrome/index-2.html]
[mymartdeal.store/admin_panel/bundle.8a.delayed]
[mymartdeal.store/admin_panel/assets/js/ckeditor.js]
[mymartdeal.store/admin_panel/Safari/index.html]
[mymartdeal.store/admin_panel/rtl.min.css]
[mymartdeal.store/admin_panel/assets/js/app.min.js]
[mymartdeal.store/admin_panel/images/user_avtar.html]
[mymartdeal.store/admin_panel/logout.html]
[mymartdeal.store/admin_panel/js/common.js]
[mymartdeal.store/admin_panel/js/login.js]
[mymartdeal.store/admin_panel/assets/js/highlight.pack.min.js]
[mymartdeal.store/admin_panel/assets/js/hyper-syntax.js]
[mymartdeal.store/admin_panel/assets/js/dropzone.min.js]
[mymartdeal.store/admin_panel/assets/js/component.fileupload.js]
[mymartdeal.store/admin_panel/assets/fonts/Nunito-Light.svg]
[mymartdeal.store/admin_panel/assets/fonts/Nunito-Regular.svg]
[mymartdeal.store/admin_panel/assets/fonts/Nunito-Medium.svg]
[mymartdeal.store/admin_panel/assets/fonts/Nunito-SemiBold.svg]
[mymartdeal.store/admin_panel/assets/fonts/Nunito-Bold.svg]
[mymartdeal.store/admin_panel/assets/images/bg-pattern-light.svg]
[mymartdeal.store/admin_panel/assets/fontsunicons8adf8adf.html]
[mymartdeal.store/admin_panel/assets/fonts/unicons8adf8adf.svg]
[mymartdeal.store/admin_panel/assets/fonts/remixicondf6ddf6d.svg]
[mymartdeal.store/admin_panel/typeahead.html]
[mymartdeal.store/admin_panel/applewebkit/index.html]
[mymartdeal.store/admin_panel/chrome/index.html]
[mymartdeal.store/admin_panel/edge/index.html]
[mymartdeal.store/mixins/_rounded.html]
[mymartdeal.store/mixins/_focus.html]
[mymartdeal.store/mixins/_shadow.html]
[mymartdeal.store/mixins/_disabled.html]
[mymartdeal.store/mixins/_button.html]
[mymartdeal.store/admin_panel/ABCDEFGHIJKLMNOPQRSTUVWXYZabcdefghijklmnopqrstuvwxyz0123456789+/index.html]
[mymartdeal.store/admin_panel/Edge/index-2.html]
[mymartdeal.store/admin_panel/Chrome/index-2.html]
[mymartdeal.store/admin_panel/Trident/index.html]
[mymartdeal.store/admin_panel/Firefox/index.html]
[mymartdeal.store/admin_panel/Safari/index.html]
[mymartdeal.store/admin_panel/bundle.html]
[mymartdeal.store/admin_panel/rtl.min.html]
[mymartdeal.store/admin_panel/ajax.html]
[mymartdeal.store/admin_panel/js/logout.js]
[mymartdeal.store/admin_panel/logout.html]
[mymartdeal.store/admin_panel/assets/fonts/uni030C.alt.html]
[mymartdeal.store/admin_panel/assets/fonts/uni0335.html]
[mymartdeal.store/admin_panel/js/logout.js]
